[36mvite v7.3.1 [32mbuilding client environment for production...[36m[39m
transforming...
[32mΓ£ô[39m 3 modules transformed.
node.exe : 
[31mΓ£ù[39m Build 
failed in 483ms
At line:1 char:1
+ & "C:\Program 
Files\nodejs/node.exe" 
"C:\Program 
Files\nodejs/node_mo 
...
+ ~~~~~~~~~~~~~~~~~~~~~
~~~~~~~~~~~~~~~~~~~~~~~
~~~~~~~~~~~~~~~~~~~~~~~
~~
    + CategoryInfo     
         : NotSpecifi  
  ed: ([31mΓ£ù[39m   
  Build failed in 4    
83ms:String) [], R    
emoteException
    + FullyQualifiedEr 
   rorId : NativeComm  
  andError
 
[31merror during 
build:
[31m[vite:css] 
[postcss] It looks 
like you're trying to 
use `tailwindcss` 
directly as a PostCSS 
plugin. The PostCSS 
plugin has moved to a 
separate package, so 
to continue using 
Tailwind CSS with 
PostCSS you'll need to 
install 
`@tailwindcss/postcss` 
and update your 
PostCSS 
configuration.[31m
file: [36mC:/Users/Sir
ichandana/OneDrive/Desk
top/AI1/frontend/src/in
dex.css:undefined:NaN[
31m
    at at (C:\Users\Sir
ichandana\OneDrive\Desk
top\AI1\frontend\node_m
odules\tailwindcss\dist
\lib.js:38:1643)
    at 
LazyResult.runOnRoot (C
:\Users\Sirichandana\On
eDrive\Desktop\AI1\fron
tend\node_modules\postc
ss\lib\lazy-result.js:3
61:16)
    at 
LazyResult.runAsync (C:
\Users\Sirichandana\One
Drive\Desktop\AI1\front
end\node_modules\postcs
s\lib\lazy-result.js:29
0:26)
    at 
LazyResult.async (C:\Us
ers\Sirichandana\OneDri
ve\Desktop\AI1\frontend
\node_modules\postcss\l
ib\lazy-result.js:192:3
0)
    at LazyResult.then 
(C:\Users\Sirichandana\
OneDrive\Desktop\AI1\fr
ontend\node_modules\pos
tcss\lib\lazy-result.js
:436:17)[39m
